{
  "version": "1.5.0",
  "plugins_used": [
    {
      "name": "ArtifactoryDetector"
    },
    {
      "name": "AWSKeyDetector"
    },
    {
      "name": "AzureStorageKeyDetector"
    },
    {
      "name": "Base64HighEntropyString",
      "limit": 4.5
    },
    {
      "name": "BasicAuthDetector"
    },
    {
      "name": "CloudantDetector"
    },
    {
      "name": "DiscordBotTokenDetector"
    },
    {
      "name": "GitHubTokenDetector"
    },
    {
      "name": "GitLabTokenDetector"
    },
    {
      "name": "HexHighEntropyString",
      "limit": 3.0
    },
    {
      "name": "IbmCloudIamDetector"
    },
    {
      "name": "IbmCosHmacDetector"
    },
    {
      "name": "IPPublicDetector"
    },
    {
      "name": "JwtTokenDetector"
    },
    {
      "name": "KeywordDetector",
      "keyword_exclude": ""
    },
    {
      "name": "MailchimpDetector"
    },
    {
      "name": "NpmDetector"
    },
    {
      "name": "OpenAIDetector"
    },
    {
      "name": "PrivateKeyDetector"
    },
    {
      "name": "PypiTokenDetector"
    },
    {
      "name": "SendGridDetector"
    },
    {
      "name": "SlackDetector"
    },
    {
      "name": "SoftlayerDetector"
    },
    {
      "name": "SquareOAuthDetector"
    },
    {
      "name": "StripeDetector"
    },
    {
      "name": "TelegramBotTokenDetector"
    },
    {
      "name": "TwilioKeyDetector"
    }
  ],
  "filters_used": [
    {
      "path": "detect_secrets.filters.allowlist.is_line_allowlisted"
    },
    {
      "path": "detect_secrets.filters.common.is_baseline_file",
      "filename": ".secrets.baseline"
    },
    {
      "path": "detect_secrets.filters.common.is_ignored_due_to_verification_policies",
      "min_level": 2
    },
    {
      "path": "detect_secrets.filters.heuristic.is_indirect_reference"
    },
    {
      "path": "detect_secrets.filters.heuristic.is_likely_id_string"
    },
    {
      "path": "detect_secrets.filters.heuristic.is_lock_file"
    },
    {
      "path": "detect_secrets.filters.heuristic.is_not_alphanumeric_string"
    },
    {
      "path": "detect_secrets.filters.heuristic.is_potential_uuid"
    },
    {
      "path": "detect_secrets.filters.heuristic.is_prefixed_with_dollar_sign"
    },
    {
      "path": "detect_secrets.filters.heuristic.is_sequential_string"
    },
    {
      "path": "detect_secrets.filters.heuristic.is_swagger_file"
    },
    {
      "path": "detect_secrets.filters.heuristic.is_templated_secret"
    }
  ],
  "results": {
    ".github/workflows/ci.yml": [
      {
        "type": "Secret Keyword",
        "filename": ".github/workflows/ci.yml",
        "hashed_secret": "fabc5c377c4c229ae7de0d81da38390bd5eb8e68",
        "is_verified": false,
        "line_number": 67
      },
      {
        "type": "Secret Keyword",
        "filename": ".github/workflows/ci.yml",
        "hashed_secret": "2dd3a6376fe52ca3904df9ae618d9e9d46f45a25",
        "is_verified": false,
        "line_number": 114
      },
      {
        "type": "Basic Auth Credentials",
        "filename": ".github/workflows/ci.yml",
        "hashed_secret": "2dd3a6376fe52ca3904df9ae618d9e9d46f45a25",
        "is_verified": false,
        "line_number": 125
      }
    ],
    "docs/handoffs/2026-07-08-postgres-en-ci.md": [
      {
        "type": "Basic Auth Credentials",
        "filename": "docs/handoffs/2026-07-08-postgres-en-ci.md",
        "hashed_secret": "5a4fe08359c7f97380e408c717ef42c86939cd86",
        "is_verified": false,
        "line_number": 102
      },
      {
        "type": "Basic Auth Credentials",
        "filename": "docs/handoffs/2026-07-08-postgres-en-ci.md",
        "hashed_secret": "2dd3a6376fe52ca3904df9ae618d9e9d46f45a25",
        "is_verified": false,
        "line_number": 128
      }
    ],
    "docs/project-state.json": [
      {
        "type": "Secret Keyword",
        "filename": "docs/project-state.json",
        "hashed_secret": "7b231a50a498ef151e291795f46f56bee569eae5",
        "is_verified": false,
        "line_number": 46
      }
    ],
    "src/noesis/demo.py": [
      {
        "type": "Secret Keyword",
        "filename": "src/noesis/demo.py",
        "hashed_secret": "6ea7ccdcf642953a24672d10b0d32cef576e0329",
        "is_verified": false,
        "line_number": 116
      }
    ],
    "src/noesis/readiness.py": [
      {
        "type": "Secret Keyword",
        "filename": "src/noesis/readiness.py",
        "hashed_secret": "6dd5693b14d4269650a09bcae75b4739704d7cf5",
        "is_verified": false,
        "line_number": 43
      }
    ],
    "tests/postgres_smoke.py": [
      {
        "type": "Hex High Entropy String",
        "filename": "tests/postgres_smoke.py",
        "hashed_secret": "9c3ebd3616d74949b59e36a6062d78f002a14d02",
        "is_verified": false,
        "line_number": 120
      }
    ],
    "tests/test_backups.py": [
      {
        "type": "Secret Keyword",
        "filename": "tests/test_backups.py",
        "hashed_secret": "b4dbc52300cecbf94ebff7237077fc9d68f65cb9",
        "is_verified": false,
        "line_number": 180
      }
    ],
    "tests/test_internal_brain.py": [
      {
        "type": "Hex High Entropy String",
        "filename": "tests/test_internal_brain.py",
        "hashed_secret": "f3e0d184814b86dc1c4eb623edde7610cf212567",
        "is_verified": false,
        "line_number": 25
      },
      {
        "type": "Hex High Entropy String",
        "filename": "tests/test_internal_brain.py",
        "hashed_secret": "9c3ebd3616d74949b59e36a6062d78f002a14d02",
        "is_verified": false,
        "line_number": 31
      },
      {
        "type": "Hex High Entropy String",
        "filename": "tests/test_internal_brain.py",
        "hashed_secret": "4d507979d3f1a1372e92571bc702cc1b5e56b696",
        "is_verified": false,
        "line_number": 190
      },
      {
        "type": "Hex High Entropy String",
        "filename": "tests/test_internal_brain.py",
        "hashed_secret": "0b09ba7884b2f37e5d40c8580ee1af3ce5d39456",
        "is_verified": false,
        "line_number": 192
      },
      {
        "type": "Secret Keyword",
        "filename": "tests/test_internal_brain.py",
        "hashed_secret": "b4dbc52300cecbf94ebff7237077fc9d68f65cb9",
        "is_verified": false,
        "line_number": 248
      }
    ],
    "tests/test_readiness.py": [
      {
        "type": "Secret Keyword",
        "filename": "tests/test_readiness.py",
        "hashed_secret": "ba78ade23ad3f286fa96934d502ea872a2bef3e5",
        "is_verified": false,
        "line_number": 13
      }
    ]
  },
  "generated_at": "2026-07-29T09:56:41Z"
}
